Copyright 1986-2016 Xilinx, Inc. All Rights Reserved.
------------------------------------------------------------------------------------
| Tool Version : Vivado v.2016.4 (win64) Build 1756540 Mon Jan 23 19:11:23 MST 2017
| Date         : Tue Jun 27 18:04:31 2017
| Host         : LAPTOP-LB22AJFN running 64-bit major release  (build 9200)
| Command      : report_control_sets -verbose -file lab_6_control_sets_placed.rpt
| Design       : lab_6
| Device       : xc7a100t
------------------------------------------------------------------------------------

Control Set Information

Table of Contents
-----------------
1. Summary
2. Flip-Flop Distribution
3. Detailed Control Set Information

1. Summary
----------

+----------------------------------------------------------+-------+
|                          Status                          | Count |
+----------------------------------------------------------+-------+
| Number of unique control sets                            |    96 |
| Unused register locations in slices containing registers |   310 |
+----------------------------------------------------------+-------+


2. Flip-Flop Distribution
-------------------------

+--------------+-----------------------+------------------------+-----------------+--------------+
| Clock Enable | Synchronous Set/Reset | Asynchronous Set/Reset | Total Registers | Total Slices |
+--------------+-----------------------+------------------------+-----------------+--------------+
| No           | No                    | No                     |              83 |           48 |
| No           | No                    | Yes                    |             138 |           47 |
| No           | Yes                   | No                     |              24 |           12 |
| Yes          | No                    | No                     |              46 |           14 |
| Yes          | No                    | Yes                    |               4 |            2 |
| Yes          | Yes                   | No                     |             579 |          200 |
+--------------+-----------------------+------------------------+-----------------+--------------+


3. Detailed Control Set Information
-----------------------------------

+----------------------------------------------------+-----------------------------------------------+-----------------------------------------------+------------------+----------------+
|                    Clock Signal                    |                 Enable Signal                 |                Set/Reset Signal               | Slice Load Count | Bel Load Count |
+----------------------------------------------------+-----------------------------------------------+-----------------------------------------------+------------------+----------------+
|  cursor_inst/translate_inst/hex_inferred__0/i__n_0 |                                               |                                               |                1 |              4 |
|  inst/inst/clk_out1                                | d/push_menu_minimat_y[7]_i_2__23_n_0          | m_driver/n_0_1634                             |                1 |              4 |
|  inst/inst/clk_out1                                | siete/push_menu_minimat_y[7]_i_1__16_n_0      | siete/push_menu_minimat_y[3]_i_1__19_n_0      |                2 |              4 |
|  inst/inst/clk_out1                                | cinco/push_menu_minimat_y[7]_i_1__22_n_0      | cinco/push_menu_minimat_y[3]_i_1__23_n_0      |                2 |              4 |
|  inst/inst/clk_out1                                | b/push_menu_minimat_y[7]_i_1__9_n_0           | b/push_menu_minimat_y[3]_i_1__9_n_0           |                2 |              4 |
|  inst/inst/clk_out1                                | seis/push_menu_minimat_y[7]_i_1__2_n_0        | seis/push_menu_minimat_y[3]_i_1__18_n_0       |                2 |              4 |
|  inst/inst/clk_out1                                | _exe/push_menu_minimat_y[7]_i_2__20_n_0       | _exe/push_menu_minimat_y[3]_i_1__20_n_0       |                2 |              4 |
|  inst/inst/clk_out1                                | dos/push_menu_minimat_y[7]_i_1__1_n_0         | dos/push_menu_minimat_y[3]_i_1__15_n_0        |                2 |              4 |
|  inst/inst/clk_out1                                | _and/push_menu_minimat_y[4]_i_1__23_n_0       |                                               |                2 |              4 |
|  inst/inst/clk_out1                                | cero/push_menu_minimat_y[7]_i_2__18_n_0       | cero/push_menu_minimat_y[3]_i_1__17_n_0       |                1 |              4 |
|  inst/inst/clk_out1                                | mas/push_menu_minimat_y[7]_i_1__0_n_0         | mas/push_menu_minimat_y[3]_i_1__13_n_0        |                1 |              4 |
|  inst/inst/clk_out1                                | m_kd/m_ps2read/data_in_counter[3]_i_1_n_0     |                                               |                1 |              4 |
|  inst/inst/clk_out1                                | uno/push_menu_minimat_y[7]_i_1__13_n_0        | uno/push_menu_minimat_y[3]_i_1__16_n_0        |                2 |              4 |
|  inst/inst/clk_out1                                | tres/push_menu_minimat_y[7]_i_1__12_n_0       | tres/push_menu_minimat_y[3]_i_1__14_n_0       |                1 |              4 |
|  inst/inst/clk_out1                                | m_kd/m_ps2read/E[0]                           | m_kd/m_ps2read/AR[0]                          |                2 |              4 |
|  inst/inst/clk_out1                                | m_driver/push_menu_minimat_y_reg[7]_4         | m_driver/pixel_y_to_show_reg[0]_3             |                2 |              4 |
|  inst/inst/clk_out1                                | nueve/push_menu_minimat_y[7]_i_1__10_n_0      | nueve/push_menu_minimat_y[3]_i_1__11_n_0      |                1 |              4 |
|  inst/inst/clk_out1                                | _or/push_menu_minimat_y[7]_i_2__1_n_0         | _or/push_menu_minimat_y[3]_i_1__4_n_0         |                1 |              4 |
|  inst/inst/clk_out1                                | menos/push_menu_minimat_y[7]_i_2__0_n_0       | menos/push_menu_minimat_y[3]_i_1__2_n_0       |                3 |              4 |
|  inst/inst/clk_out1                                | nueve/nueve/                                  | m_driver/push_menu_minimat_x_reg[0]_9         |                2 |              4 |
|  inst/inst/clk_out1                                | ocho/push_menu_minimat_y[7]_i_2__17_n_0       | ocho/push_menu_minimat_y[3]_i_1__12_n_0       |                2 |              4 |
|  inst/inst/clk_out1                                | a/push_menu_minimat_y[7]_i_1_n_0              | a/push_menu_minimat_y[3]_i_1__10_n_0          |                2 |              4 |
|  inst/inst/clk_out1                                | m_driver/contador_pixels_verticales0_1        |                                               |                3 |              5 |
|  inst/inst/clk_out1                                |                                               | m_driver/hc[10]_i_1_n_0                       |                3 |              5 |
|  inst/inst/clk_out1                                | m_driver/contador_pixels_verticales0_2        |                                               |                2 |              5 |
|  inst/inst/clk_out1                                | e/push_menu_minimat_y[7]_i_2_n_0              | m_driver/n_0_1634                             |                1 |              5 |
|  inst/inst/clk_out1                                | multp/push_menu_minimat_y[7]_i_2__2_n_0       | multp/push_menu_minimat_y[6]_i_1__21_n_0      |                2 |              5 |
|  inst/inst/clk_out1                                | m_driver/push_menu_minimat_y_reg[7]_5         | m_hexdec/push_menu_minimat_y[7]_i_1__4_n_0    |                2 |              5 |
|  inst/inst/clk_out1                                | c/push_menu_minimat_y[7]_i_2__21_n_0          | c/push_menu_minimat_y[5]_i_1__23_n_0          |                2 |              5 |
|  inst/inst/clk_out1                                | b/b/                                          | m_driver/push_menu_minimat_x_reg[6]_1         |                2 |              5 |
|  inst/inst/clk_out1                                | _ce/push_menu_minimat_x[7]_i_2__2_n_0         | m_driver/n_0_1766                             |                2 |              5 |
|  inst/inst/clk_out1                                | cuatro/push_menu_minimat_y[7]_i_2__22_n_0     | cuatro/push_menu_minimat_y[3]_i_1__22_n_0     |                2 |              5 |
|  inst/inst/clk_out1                                | _ce/push_menu_minimat_y[7]_i_2__19_n_0        | _ce/push_menu_minimat_y[4]_i_1__15_n_0        |                3 |              5 |
|  inst/inst/clk_out1                                |                                               | m_driver/row_reg[6]                           |                2 |              6 |
|  inst/inst/clk_out1                                |                                               | m_driver/col_reg[7]                           |                3 |              6 |
|  inst/inst/clk_out1                                | multp/push_menu_minimat_y[7]_i_2__2_n_0       | multp/push_menu_minimat_y[7]_i_1__6_n_0       |                2 |              6 |
|  inst/inst/clk_out1                                | e/push_menu_minimat_y[7]_i_2_n_0              | e/push_menu_minimat_y[7]_i_1__15_n_0          |                3 |              6 |
|  inst/inst/clk_out1                                | m_driver/push_menu_minimat_y_reg[7]_5         | m_driver/push_menu_minimat_y_reg[0]_6         |                2 |              6 |
|  inst/inst/clk_out1                                | m_hw/menu_character_position_x[5]_i_2__0_n_0  | m_driver/menu_character_position_x_reg[0]_1   |                3 |              6 |
|  inst/inst/clk_out1                                | m_hexdec/menu_character_position_x[5]_i_2_n_0 | m_hexdec/menu_character_position_x[5]_i_1_n_0 |                2 |              6 |
|  inst/inst/clk_out1                                | c/push_menu_minimat_y[7]_i_2__21_n_0          | m_driver/n_0_1634                             |                2 |              6 |
|  inst/inst/clk_out1                                | b/b/                                          | b/push_menu_minimat_x[7]_i_1__9_n_0           |                2 |              6 |
|  inst/inst/clk_out1                                | cuatro/push_menu_minimat_y[7]_i_2__22_n_0     | m_driver/n_0_1639                             |                2 |              6 |
|  inst/inst/clk_out1                                | cursor_inst/FSM_onehot_state[5]_i_1_n_0       | rst_IBUF                                      |                2 |              6 |
|  inst/inst/clk_out1                                | _ce/push_menu_minimat_x[6]_i_1__19_n_0        | m_driver/n_0_1766                             |                2 |              6 |
|  inst/inst/clk_out1                                | _ce/push_menu_minimat_x[7]_i_2__2_n_0         | _ce/push_menu_minimat_x[6]_i_1__19_n_0        |                2 |              6 |
|  inst/inst/clk_out1                                | _ce/push_menu_minimat_y[7]_i_2__19_n_0        | _ce/push_menu_minimat_y[7]_i_1__3_n_0         |                2 |              6 |
|  inst/inst/clk_out1                                | _exe/push_menu_minimat_x[7]_i_1__6_n_0        | m_driver/menu_character_position_x_reg[0]_0   |                2 |              6 |
|  inst/inst/clk_out1                                | nueve/push_menu_minimat_y[7]_i_1__10_n_0      | m_driver/n_0_1535                             |                2 |              7 |
|  inst/inst/clk_out1                                | a/push_menu_minimat_y[7]_i_1_n_0              | m_driver/n_0_1535                             |                2 |              7 |
|  inst/inst/clk_out1                                | tres/push_menu_minimat_y[7]_i_1__12_n_0       | m_driver/n_0_1582                             |                2 |              7 |
|  inst/inst/clk_out1                                | m_driver/push_menu_minimat_y_reg[7]_4         | m_driver/push_menu_minimat_y_reg[0]_5         |                2 |              7 |
|  inst/inst/clk_out1                                | b/push_menu_minimat_y[7]_i_1__9_n_0           | m_driver/n_0_1535                             |                2 |              7 |
|  inst/inst/clk_out1                                | cinco/push_menu_minimat_y[7]_i_1__22_n_0      | m_driver/n_0_1639                             |                2 |              7 |
|  inst/inst/clk_out1                                | _and/push_menu_minimat_y[4]_i_1__23_n_0       | _and/push_menu_minimat_y[7]_i_1__8_n_0        |                3 |              7 |
|  inst/inst/clk_out1                                | _or/push_menu_minimat_y[7]_i_2__1_n_0         | _or/push_menu_minimat_y[7]_i_1__7_n_0         |                3 |              7 |
|  inst/inst/clk_out1                                | ocho/push_menu_minimat_y[7]_i_2__17_n_0       | m_driver/n_0_1535                             |                3 |              7 |
|  inst/inst/clk_out1                                | siete/push_menu_minimat_y[7]_i_1__16_n_0      | m_driver/n_0_1639                             |                2 |              7 |
|  inst/inst/clk_out1                                | menos/push_menu_minimat_y[7]_i_2__0_n_0       | menos/push_menu_minimat_y[7]_i_1__5_n_0       |                3 |              7 |
|  inst/inst/clk_out1                                | d/push_menu_minimat_y[7]_i_2__23_n_0          | d/push_menu_minimat_y[7]_i_1__21_n_0          |                3 |              7 |
|  inst/inst/clk_out1                                | uno/push_menu_minimat_y[7]_i_1__13_n_0        | m_driver/n_0_1582                             |                2 |              7 |
|  inst/inst/clk_out1                                | nueve/nueve/                                  | nueve/push_menu_minimat_x[7]_i_1__11_n_0      |                2 |              7 |
|  inst/inst/clk_out1                                | dos/push_menu_minimat_y[7]_i_1__1_n_0         | m_driver/n_0_1582                             |                2 |              7 |
|  inst/inst/clk_out1                                | cero/push_menu_minimat_y[7]_i_2__18_n_0       | m_driver/n_0_1582                             |                2 |              7 |
|  inst/inst/clk_out1                                | mas/push_menu_minimat_y[7]_i_1__0_n_0         | m_driver/n_0_1582                             |                2 |              7 |
|  inst/inst/clk_out1                                | seis/push_menu_minimat_y[7]_i_1__2_n_0        | m_driver/n_0_1639                             |                3 |              7 |
|  inst/inst/clk_out1                                | _exe/push_menu_minimat_y[7]_i_2__20_n_0       | m_driver/push_menu_minimat_y_reg[0]_4         |                3 |              7 |
|  inst/inst/clk_out1                                | m_kd/m_ps2read/data[7]_i_1_n_0                |                                               |                1 |              8 |
|  inst/inst/clk_out1                                | m_hw/push_menu_minimat_x[7]_i_2__6_n_0        | m_hw/push_menu_minimat_x[7]_i_1_n_0           |                3 |              8 |
|  inst/inst/clk_out1                                | m_driver/push_menu_minimat_y_reg[0]_1         | m_driver/push_menu_minimat_y_reg[7]_8         |                2 |              8 |
|  inst/inst/clk_out1                                | tres/tres/                                    | tres/push_menu_minimat_x[7]_i_1__2_n_0        |                3 |              8 |
|  inst/inst/clk_out1                                | m_kd/m_ps2read/shift[10]_i_1_n_0              |                                               |                2 |              9 |
|  inst/inst/clk_out1                                | m_hexdec/push_menu_minimat_x[7]_i_2__5_n_0    | m_hexdec/push_menu_minimat_x[7]_i_1__7_n_0    |                3 |              9 |
|  inst/inst/clk_out1                                | uno/uno/                                      | uno/push_menu_minimat_x[7]_i_1__13_n_0        |                3 |             10 |
|  inst/inst/clk_out1                                | cero/cero/                                    | cero/push_menu_minimat_x[7]_i_1__14_n_0       |                3 |             10 |
|  inst/inst/clk_out1                                | ocho/ocho/                                    | ocho/push_menu_minimat_x[7]_i_1__0_n_0        |                3 |             10 |
|  inst/inst/clk_out1                                | cuatro/cuatro/                                | cuatro/push_menu_minimat_x[7]_i_1__3_n_0      |                3 |             10 |
|  inst/inst/clk_out1                                | _or/_or/                                      | _or/push_menu_minimat_x[7]_i_1__22_n_0        |                3 |             10 |
|  inst/inst/clk_out1                                | siete/siete/                                  | siete/push_menu_minimat_x[7]_i_1__19_n_0      |                3 |             10 |
|  inst/inst/clk_out1                                | mas/mas/                                      | mas/push_menu_minimat_x[7]_i_1__1_n_0         |                3 |             10 |
|  inst/inst/clk_out1                                | f/push_menu_minimat_x[7]_i_2__4_n_0           | f/push_menu_minimat_x[7]_i_1__5_n_0           |                3 |             10 |
|  inst/inst/clk_out1                                | e/e/                                          | e/push_menu_minimat_x[7]_i_1__16_n_0          |                3 |             10 |
|  inst/inst/clk_out1                                | multp/multp/                                  | multp/push_menu_minimat_x[7]_i_1__20_n_0      |                3 |             10 |
|  inst/inst/clk_out1                                | d/d/                                          | d/push_menu_minimat_x[7]_i_1__17_n_0          |                3 |             10 |
|  inst/inst/clk_out1                                | cinco/cinco/                                  | cinco/push_menu_minimat_x[7]_i_1__18_n_0      |                3 |             10 |
|  inst/inst/clk_out1                                | c/c/                                          | c/push_menu_minimat_x[7]_i_1__15_n_0          |                3 |             10 |
|  inst/inst/clk_out1                                | _and/_and/                                    | _and/push_menu_minimat_x[7]_i_1__21_n_0       |                3 |             10 |
|  inst/inst/clk_out1                                | dos/dos/                                      | dos/push_menu_minimat_x[7]_i_1__12_n_0        |                3 |             10 |
|  inst/inst/clk_out1                                | menos/menos/                                  | menos/push_menu_minimat_x[7]_i_1__23_n_0      |                3 |             10 |
|  inst/inst/clk_out1                                | seis/seis/                                    | seis/push_menu_minimat_x[7]_i_1__4_n_0        |                3 |             10 |
|  inst/inst/clk_out1                                | a/a/                                          | a/push_menu_minimat_x[7]_i_1__10_n_0          |                4 |             10 |
|  inst/inst/clk_out1                                | m_kd/new_data[7]_i_1_n_0                      |                                               |                3 |             11 |
|  inst/inst/clk_out1                                | _exe/push_menu_minimat_x[7]_i_2__3_n_0        | _exe/push_menu_minimat_x[7]_i_1__6_n_0        |                4 |             11 |
|  inst/inst/clk_out1                                | cursor_inst/hex_next                          | rst_IBUF                                      |               10 |             32 |
|  inst/inst/clk_out1                                |                                               |                                               |               47 |             79 |
|  inst/inst/clk_out1                                |                                               | rst_IBUF                                      |               51 |            145 |
+----------------------------------------------------+-----------------------------------------------+-----------------------------------------------+------------------+----------------+


+--------+-----------------------+
| Fanout | Number of ControlSets |
+--------+-----------------------+
| 4      |                    22 |
| 5      |                    11 |
| 6      |                    15 |
| 7      |                    19 |
| 8      |                     4 |
| 9      |                     2 |
| 10     |                    18 |
| 11     |                     2 |
| 16+    |                     3 |
+--------+-----------------------+


