#-----------------------------------------------------------
# Vivado v2016.4 (64-bit)
# SW Build 1756540 on Mon Jan 23 19:11:23 MST 2017
# IP Build 1755317 on Mon Jan 23 20:30:07 MST 2017
# Start of session at: Mon Jun 19 15:41:35 2017
# Process ID: 7728
# Current directory: C:/Users/Diego/LabDigitales2017/Lab6_PartePrevia
# Command line: vivado.exe -gui_launcher_event rodinguilauncherevent6212 C:\Users\Diego\LabDigitales2017\Lab6_PartePrevia\Lab6_PartePrevia.xpr
# Log file: C:/Users/Diego/LabDigitales2017/Lab6_PartePrevia/vivado.log
# Journal file: C:/Users/Diego/LabDigitales2017/Lab6_PartePrevia\vivado.jou
#-----------------------------------------------------------
start_gui
open_project C:/Users/Diego/LabDigitales2017/Lab6_PartePrevia/Lab6_PartePrevia.xpr
open_hw
connect_hw_server
open_hw_target
set_property PROGRAM.FILE {C:/Users/Diego/LabDigitales2017/Lab6_PartePrevia/Lab6_PartePrevia.runs/impl_1/Lab6.bit} [lindex [get_hw_devices xc7a100t_0] 0]
current_hw_device [lindex [get_hw_devices xc7a100t_0] 0]
refresh_hw_device -update_hw_probes false [lindex [get_hw_devices xc7a100t_0] 0]
set_property PROBES.FILE {} [lindex [get_hw_devices xc7a100t_0] 0]
set_property PROGRAM.FILE {C:/Users/Diego/LabDigitales2017/Lab6_PartePrevia/Lab6_PartePrevia.runs/impl_1/Lab6.bit} [lindex [get_hw_devices xc7a100t_0] 0]
program_hw_devices [lindex [get_hw_devices xc7a100t_0] 0]
refresh_hw_device [lindex [get_hw_devices xc7a100t_0] 0]
set_property PROBES.FILE {} [lindex [get_hw_devices xc7a100t_0] 0]
set_property PROGRAM.FILE {C:/Users/Diego/LabDigitales2017/Lab6_PartePrevia/Lab6_PartePrevia.runs/impl_1/Lab6.bit} [lindex [get_hw_devices xc7a100t_0] 0]
program_hw_devices [lindex [get_hw_devices xc7a100t_0] 0]
refresh_hw_device [lindex [get_hw_devices xc7a100t_0] 0]
reset_run synth_1
launch_runs impl_1 -to_step write_bitstream -jobs 4
wait_on_run impl_1
set_property PROBES.FILE {} [lindex [get_hw_devices xc7a100t_0] 0]
set_property PROGRAM.FILE {C:/Users/Diego/LabDigitales2017/Lab6_PartePrevia/Lab6_PartePrevia.runs/impl_1/Lab6.bit} [lindex [get_hw_devices xc7a100t_0] 0]
program_hw_devices [lindex [get_hw_devices xc7a100t_0] 0]
refresh_hw_device [lindex [get_hw_devices xc7a100t_0] 0]
reset_run synth_1
launch_runs impl_1 -to_step write_bitstream -jobs 4
wait_on_run impl_1
set_property PROBES.FILE {} [lindex [get_hw_devices xc7a100t_0] 0]
set_property PROGRAM.FILE {C:/Users/Diego/LabDigitales2017/Lab6_PartePrevia/Lab6_PartePrevia.runs/impl_1/Lab6.bit} [lindex [get_hw_devices xc7a100t_0] 0]
program_hw_devices [lindex [get_hw_devices xc7a100t_0] 0]
refresh_hw_device [lindex [get_hw_devices xc7a100t_0] 0]
reset_run synth_1
launch_runs impl_1 -to_step write_bitstream -jobs 4
wait_on_run impl_1
set_property PROBES.FILE {} [lindex [get_hw_devices xc7a100t_0] 0]
set_property PROGRAM.FILE {C:/Users/Diego/LabDigitales2017/Lab6_PartePrevia/Lab6_PartePrevia.runs/impl_1/Lab6.bit} [lindex [get_hw_devices xc7a100t_0] 0]
program_hw_devices [lindex [get_hw_devices xc7a100t_0] 0]
refresh_hw_device [lindex [get_hw_devices xc7a100t_0] 0]
reset_run synth_1
launch_runs impl_1 -to_step write_bitstream -jobs 4
wait_on_run impl_1
set_property PROBES.FILE {} [lindex [get_hw_devices xc7a100t_0] 0]
set_property PROGRAM.FILE {C:/Users/Diego/LabDigitales2017/Lab6_PartePrevia/Lab6_PartePrevia.runs/impl_1/Lab6.bit} [lindex [get_hw_devices xc7a100t_0] 0]
program_hw_devices [lindex [get_hw_devices xc7a100t_0] 0]
refresh_hw_device [lindex [get_hw_devices xc7a100t_0] 0]
reset_run synth_1
launch_runs impl_1 -to_step write_bitstream -jobs 4
wait_on_run impl_1
set_property PROBES.FILE {} [lindex [get_hw_devices xc7a100t_0_1] 0]
set_property PROGRAM.FILE {C:/Users/Diego/LabDigitales2017/Lab6_PartePrevia/Lab6_PartePrevia.runs/impl_1/Lab6.bit} [lindex [get_hw_devices xc7a100t_0_1] 0]
program_hw_devices [lindex [get_hw_devices xc7a100t_0_1] 0]
refresh_hw_device [lindex [get_hw_devices xc7a100t_0_1] 0]
reset_run synth_1
launch_runs impl_1 -to_step write_bitstream -jobs 4
wait_on_run impl_1
set_property PROBES.FILE {} [lindex [get_hw_devices xc7a100t_0_1] 0]
set_property PROGRAM.FILE {C:/Users/Diego/LabDigitales2017/Lab6_PartePrevia/Lab6_PartePrevia.runs/impl_1/Lab6.bit} [lindex [get_hw_devices xc7a100t_0_1] 0]
program_hw_devices [lindex [get_hw_devices xc7a100t_0_1] 0]
refresh_hw_device [lindex [get_hw_devices xc7a100t_0_1] 0]
reset_run synth_1
launch_runs impl_1 -to_step write_bitstream -jobs 4
wait_on_run impl_1
open_run impl_1
reset_run synth_1
launch_runs impl_1 -to_step write_bitstream -jobs 4
wait_on_run impl_1
set_property PROBES.FILE {} [lindex [get_hw_devices xc7a100t_0_1] 0]
set_property PROGRAM.FILE {C:/Users/Diego/LabDigitales2017/Lab6_PartePrevia/Lab6_PartePrevia.runs/impl_1/Lab6.bit} [lindex [get_hw_devices xc7a100t_0_1] 0]
program_hw_devices [lindex [get_hw_devices xc7a100t_0_1] 0]
refresh_hw_device [lindex [get_hw_devices xc7a100t_0_1] 0]
close_project
create_project Lab6_Prev_Preg4 C:/Users/Diego/LabDigitales2017/Lab6_Prev_Preg4 -part xc7a100tcsg324-1
close_project
create_project Lab6_Prev_Preg9 C:/Users/Diego/LabDigitales2017/Lab6_Prev_Preg9 -part xc7a100tcsg324-1
add_files -norecurse C:/Users/Diego/Documents/GitHub/ELO212-example-modules/Lab6_PS2_VGA_reference/lab_6.v
import_files -force -norecurse
import_files -norecurse {C:/Users/Diego/Documents/GitHub/ELO212-example-modules/Lab6_PS2_VGA_reference/kbd_ms.v C:/Users/Diego/Documents/GitHub/ELO212-example-modules/Lab6_PS2_VGA_reference/templates.v C:/Users/Diego/Documents/GitHub/ELO212-example-modules/Lab6_PS2_VGA_reference/driver_vga.v C:/Users/Diego/Documents/GitHub/ELO212-example-modules/Lab6_PS2_VGA_reference/hello_world.v}
import_files -force C:/Users/Diego/Documents/GitHub/ELO212-example-modules/Lab6_PS2_VGA_reference
create_ip -name clk_wiz -vendor xilinx.com -library ip -version 5.3 -module_name clk_wiz_0 -dir c:/Users/Diego/LabDigitales2017/Lab6_Prev_Preg9/Lab6_Prev_Preg9.srcs/sources_1/ip
set_property -dict [list CONFIG.PRIM_IN_FREQ {100} CONFIG.CLKOUT1_REQUESTED_OUT_FREQ {82} CONFIG.MMCM_DIVCLK_DIVIDE {1} CONFIG.MMCM_CLKFBOUT_MULT_F {10.250} CONFIG.MMCM_CLKIN1_PERIOD {10.0} CONFIG.MMCM_CLKOUT0_DIVIDE_F {12.500} CONFIG.CLKOUT1_JITTER {133.865} CONFIG.CLKOUT1_PHASE_ERROR {96.739}] [get_ips clk_wiz_0]
generate_target {instantiation_template} [get_files c:/Users/Diego/LabDigitales2017/Lab6_Prev_Preg9/Lab6_Prev_Preg9.srcs/sources_1/ip/clk_wiz_0/clk_wiz_0.xci]
generate_target all [get_files  c:/Users/Diego/LabDigitales2017/Lab6_Prev_Preg9/Lab6_Prev_Preg9.srcs/sources_1/ip/clk_wiz_0/clk_wiz_0.xci]
export_ip_user_files -of_objects [get_files c:/Users/Diego/LabDigitales2017/Lab6_Prev_Preg9/Lab6_Prev_Preg9.srcs/sources_1/ip/clk_wiz_0/clk_wiz_0.xci] -no_script -sync -force -quiet
create_ip_run [get_files -of_objects [get_fileset sources_1] c:/Users/Diego/LabDigitales2017/Lab6_Prev_Preg9/Lab6_Prev_Preg9.srcs/sources_1/ip/clk_wiz_0/clk_wiz_0.xci]
launch_runs -jobs 4 clk_wiz_0_synth_1
export_simulation -of_objects [get_files c:/Users/Diego/LabDigitales2017/Lab6_Prev_Preg9/Lab6_Prev_Preg9.srcs/sources_1/ip/clk_wiz_0/clk_wiz_0.xci] -directory C:/Users/Diego/LabDigitales2017/Lab6_Prev_Preg9/Lab6_Prev_Preg9.ip_user_files/sim_scripts -ip_user_files_dir C:/Users/Diego/LabDigitales2017/Lab6_Prev_Preg9/Lab6_Prev_Preg9.ip_user_files -ipstatic_source_dir C:/Users/Diego/LabDigitales2017/Lab6_Prev_Preg9/Lab6_Prev_Preg9.ip_user_files/ipstatic -lib_map_path [list {modelsim=C:/Users/Diego/LabDigitales2017/Lab6_Prev_Preg9/Lab6_Prev_Preg9.cache/compile_simlib/modelsim} {questa=C:/Users/Diego/LabDigitales2017/Lab6_Prev_Preg9/Lab6_Prev_Preg9.cache/compile_simlib/questa} {riviera=C:/Users/Diego/LabDigitales2017/Lab6_Prev_Preg9/Lab6_Prev_Preg9.cache/compile_simlib/riviera} {activehdl=C:/Users/Diego/LabDigitales2017/Lab6_Prev_Preg9/Lab6_Prev_Preg9.cache/compile_simlib/activehdl}] -use_ip_compiled_libs -force -quiet
add_files -fileset constrs_1 -norecurse {{C:/Users/Diego/LabDigitales2017/The Final Alcachofita.xdc}}
import_files -fileset constrs_1 {{C:/Users/Diego/LabDigitales2017/The Final Alcachofita.xdc}}
launch_runs impl_1 -jobs 4
wait_on_run impl_1
reset_run synth_1
launch_runs impl_1 -jobs 4
wait_on_run impl_1
launch_runs impl_1 -to_step write_bitstream -jobs 4
wait_on_run impl_1
open_hw
connect_hw_server
open_hw_target
set_property PROGRAM.FILE {C:/Users/Diego/LabDigitales2017/Lab6_Prev_Preg9/Lab6_Prev_Preg9.runs/impl_1/lab_6.bit} [lindex [get_hw_devices xc7a100t_0] 0]
current_hw_device [lindex [get_hw_devices xc7a100t_0] 0]
refresh_hw_device -update_hw_probes false [lindex [get_hw_devices xc7a100t_0] 0]
set_property PROBES.FILE {} [lindex [get_hw_devices xc7a100t_0] 0]
set_property PROGRAM.FILE {C:/Users/Diego/LabDigitales2017/Lab6_Prev_Preg9/Lab6_Prev_Preg9.runs/impl_1/lab_6.bit} [lindex [get_hw_devices xc7a100t_0] 0]
program_hw_devices [lindex [get_hw_devices xc7a100t_0] 0]
refresh_hw_device [lindex [get_hw_devices xc7a100t_0] 0]
